default (GHC.Types.Int, GHC.Types.Double)
Sum {getSum = 12}
