1
1
1
T20185a.x.foo.bar
(GHC.Base.id T20185a.x).foo.bar
(GHC.Base.id (GHC.Base.id T20185a.x).foo).bar
(.foo.bar)
(.foo.bar) T20185a.x
