type TH_reifyLinear.T = GHC.Types.Int %1 -> GHC.Types.Int
