[1 of 1] Compiling SymbolsViaSections ( SubsectionsViaSymbols.hs, SubsectionsViaSymbols.o )
Linking subsections_via_symbols ...
..........
