
NoNumericUnderscores1.hs:11:3: error:
    Illegal underscores in floating literals
    Suggested fix: Perhaps you intended to use NumericUnderscores
