 RecordDotSyntaxFail0.hs:3:12:
    Use of OverloadedRecordDot '.' not valid ('.' isn't allowed when constructing records or in record patterns)
