
T19923a.hs:1:14: error: Unsupported extension: T19923
