
T8501a.hs:5:3: error:
    Parse error in pattern: rec
    Suggested fixes:
      Perhaps you intended to use RecursiveDo
      Possibly caused by a missing 'do'?
