"T20371A.A"
"T20371A.:*:"
"Main.C"
"Data.Semigroup.Internal.All"
"Data.Functor.Identity.Identity"
"GHC.Maybe.Maybe"
