T16846: Prelude.undefined
CallStack (from HasCallStack):
  undefined, called at T16846.hs:22:3 in main:Main
