
T19843a.hs:5:6:
    Not in scope: data constructor ‘Map’
