T7411: Prelude.undefined
CallStack (from HasCallStack):
  undefined, called at T7411.hs:3:25 in main:Main
