
T12163.hs:8:16: error:
    • Can't make a derived instance of ‘Functor (T a)’:
        Constructor ‘Mk’ is a GADT
    • In the data declaration for ‘T’
    Suggested fix: Use a standalone deriving declaration instead
