Rule fired: Int# -> Integer -> Word# (GHC.Num.Integer)
Rule fired: Word# -> Int# -> Word# (GHC.Prim.Ext)
Rule fired: Int# -> Integer -> Int# (GHC.Num.Integer)
Rule fired: Word# -> Natural -> Word# (GHC.Num.Natural)
