<interactive>: ^^ Could not load 'blah', dependency unresolved. See top entry above.

